No project with name or path '' in '{work_dir}/projects/project1/mani.yaml'.
Checking in parent directories...
