File 'mani.yaml' already exists. Use option '-s' to sync existing configuration.
